// Jest Snapshot v1, https://goo.gl/fbAQLP

exports['page Start 1'] = `
<div
  style={
    Object {
      "marginTop": 100,
      "textAlign": "center",
    }
  }
>
  <h1>
    Electron + React + Parcel
  </h1>
  <h3>
    <a
      href="/"
      onClick={[Function]}
    >
      Back
    </a>
  </h3>
</div>
`;
